申购：32555 A457151343 0102421338 赎回：20418 A237830381 0002387086

T日委托前（申购）
SQL> select * from hs_fund.fund where fund_account = 32555;
 
CLIENT_ID          FUND_ACCOUNT MONEY_TYPE RATE_KIND   BRANCH_NO         BEGIN_BALANCE       CURRENT_BALANCE          CASH_BALANCE         CHECK_BALANCE        FROZEN_BALANCE      UNFROZEN_BALANCE    UNCOME_BUY_BALANCE   UNCOME_SELL_BALANCE UNCOME_CORRECT_BALANCE       CORRECT_BALANCE      FOREGIFT_BALANCE      MORTGAGE_BALANCE      INTEGRAL_BALANCE         FINE_INTEGRAL              INTEREST INTEGRAL_UPDATE CHECK_STRING                              BAIL_BALANCE POSITION_STR                     BANK_NO SQUARE_FLAG
------------------ ------------ ---------- --------- ----------- --------------------- --------------------- --------------------- --------------------- --------------------- --------------------- --------------------- --------------------- ---------------------- --------------------- --------------------- --------------------- --------------------- --------------------- --------------------- --------------- -------------------------------- --------------------- -------------------------------- ------- -----------
184300023426              32555 0          0                1843          100001283.72          100001283.72           99999990.63                  0.00                  0.00                  0.00                  0.00                  0.00                   0.00                  0.00                  0.00                  0.00        29601153450.16                  0.00                132.95        20100806                                                   0.00 0184300000325550                 0       0
SQL> select * from hs_secusz.stock where fund_account = 32555;
 
  BRANCH_NO EXCHANGE_TYPE STOCK_ACCOUNT   STOCK_CODE FUND_ACCOUNT CLIENT_ID          MONEY_TYPE STOCK_TYPE          BEGIN_AMOUNT        CURRENT_AMOUNT     UNCOME_BUY_AMOUNT    UNCOME_SELL_AMOUNT         FROZEN_AMOUNT       UNFROZEN_AMOUNT        CORRECT_AMOUNT        SUM_BUY_AMOUNT       SUM_BUY_BALANCE       SUM_SELL_AMOUNT      SUM_SELL_BALANCE           COST_PRICE POSITION_STR
----------- ------------- --------------- ---------- ------------ ------------------ ---------- ---------- --------------------- --------------------- --------------------- --------------------- --------------------- --------------------- --------------------- --------------------- --------------------- --------------------- --------------------- -------------------- --------------------------------
       1843 2             0102421338      000002            32555 184300023426       0          0                     1000000.00            2000000.00                  0.00                  0.00                  0.00                  0.00                  0.00            2000000.00            2000000.00                  0.00                  0.00                1.000 01843000200102421338000002
       1843 2             0102421338      000009            32555 184300023426       0          0                           0.00            1000000.00                  0.00                  0.00                  0.00                  0.00                  0.00            1000000.00            1000000.00                  0.00                  0.00                1.000 01843000200102421338000009
       1843 2             0102421338      000006            32555 184300023426       0          0                           0.00            1000000.00                  0.00                  0.00                  0.00                  0.00                  0.00            1000000.00            1000000.00                  0.00                  0.00                1.000 01843000200102421338000006
 
T日委托后（申购）
SQL> select * from hs_fund.fundreal where fund_account = 32555;
 
FUND_ACCOUNT MONEY_TYPE EXCHANGE_TYPE CLIENT_ID            BRANCH_NO   ENTRUST_BUY_BALANCE      REAL_BUY_BALANCE     REAL_SELL_BALANCE BUSINESS_FROZEN_BALANCE BUSINESS_UNFROZEN_BALANCE TRADE_COUNTER
------------ ---------- ------------- ------------------ ----------- --------------------- --------------------- --------------------- ----------------------- ------------------------- -------------
       32555 0          2             184300023426              1843              16675.31                  0.00                  0.00                16675.31                      0.00             0
SQL> select * from hs_secu.stockreal where fund_account = 32555;
 
STOCK_ACCOUNT   STOCK_CODE   BRANCH_NO EXCHANGE_TYPE FUND_ACCOUNT CLIENT_ID          STOCK_TYPE   ENTRUST_SELL_AMOUNT       REAL_BUY_AMOUNT      REAL_SELL_AMOUNT BUSINESS_FROZEN_AMOUNT  REAL_UNFROZEN_AMOUNT      REAL_BUY_BALANCE     REAL_SELL_BALANCE      BEGIN_GAP_AMOUNT   SELL_FROZEN_AMOUNT1     SELL_REAL_AMOUNT1      BUY_REAL_AMOUNT1   SELL_FROZEN_AMOUNT2     SELL_REAL_AMOUNT2      BUY_REAL_AMOUNT2 POSITION_STR
--------------- ---------- ----------- ------------- ------------ ------------------ ---------- --------------------- --------------------- --------------------- ---------------------- --------------------- --------------------- --------------------- --------------------- --------------------- --------------------- --------------------- --------------------- --------------------- --------------------- --------------------------------
A457151343      600000            1843 1                    32555 184300023426       0                        1400.00                  0.00                  0.00                1400.00                  0.00                  0.00                  0.00                  0.00               1400.00                  0.00                  0.00                  0.00                  0.00                  0.00 0184300010A457151343600000
SQL> select * from hs_secusz.stockreal where fund_account = 32555;
 
STOCK_ACCOUNT   STOCK_CODE   BRANCH_NO EXCHANGE_TYPE FUND_ACCOUNT CLIENT_ID          STOCK_TYPE   ENTRUST_SELL_AMOUNT       REAL_BUY_AMOUNT      REAL_SELL_AMOUNT BUSINESS_FROZEN_AMOUNT  REAL_UNFROZEN_AMOUNT      REAL_BUY_BALANCE     REAL_SELL_BALANCE      BEGIN_GAP_AMOUNT   SELL_FROZEN_AMOUNT1     SELL_REAL_AMOUNT1      BUY_REAL_AMOUNT1   SELL_FROZEN_AMOUNT2     SELL_REAL_AMOUNT2      BUY_REAL_AMOUNT2 POSITION_STR
--------------- ---------- ----------- ------------- ------------ ------------------ ---------- --------------------- --------------------- --------------------- ---------------------- --------------------- --------------------- --------------------- --------------------- --------------------- --------------------- --------------------- --------------------- --------------------- --------------------- --------------------------------
0102421338      000002            1843 2                    32555 184300023426       0                       25300.00                  0.00                  0.00               25300.00                  0.00                  0.00                  0.00                  0.00              25300.00                  0.00                  0.00                  0.00                  0.00                  0.00 01843000200102421338000002
0102421338      000006            1843 2                    32555 184300023426       0                        1200.00                  0.00                  0.00                1200.00                  0.00                  0.00                  0.00                  0.00               1200.00                  0.00                  0.00                  0.00                  0.00                  0.00 01843000200102421338000006
0102421338      000009            1843 2                    32555 184300023426       0                        2800.00                  0.00                  0.00                2800.00                  0.00                  0.00                  0.00                  0.00               2800.00                  0.00                  0.00                  0.00                  0.00                  0.00 01843000200102421338000009
SQL> select * from hs_secusz.afofentrust where fund_account = 32555;
 
  INIT_DATE  ENTRUST_NO   CURR_DATE   CURR_TIME OP_BRANCH_NO OPERATOR_NO        RPT_OPERATOR       OP_ENTRUST_WAY OP_STATION                                                         BRANCH_NO FUND_ACCOUNT CLIENT_ID          EXCHANGE_TYPE STOCK_ACCOUNT   REPORT_ACCOUNT  SEAT_NO  STOCK_CODE        ENTRUST_AMOUNT       ENTRUST_BALANCE REPORT_TIME ALLOT_NO                       BUSINESS_AMOUNT      BUSINESS_BALANCE         CLEAR_BALANCE          PREV_BALANCE SQUARE_FLAG BANK_NO RETURN_CODE RETURN_INFO                                                                      ENTRUST_STATUS CLIENT_GROUP   ROOM_CODE MONEY_TYPE SEARCH_SERIALNO          AGENCY_NO  BUSINESS_FLAG    DISCOUNT ID_KIND ID_NO                            ORIGINAL_APPNO           JOIN_STOCK_ACCOUNT JOIN_SEAT_NO TRANS_CODE OTHER_AGNO OTHER_NETNO OTHER_TRANSACCOUNT   OTHER_STKACCO   COMPONENT_NUM COMPONENT_CODE_STR                                                               COMPONENT_MARKET_STR                                                             COMPONENT_AMOUNT_STR                                                             COMPONENT_BALANCE_STR                                                            SEARCH_FLAG  SEND_COUNT                  FARE POSITION_STR                     JOIN_REPORT_ACCOUNT ORIGINAL_SERIALNO
----------- ----------- ----------- ----------- ------------ ------------------ ------------------ -------------- ---------------------------------------------------------------- ----------- ------------ ------------------ ------------- --------------- --------------- -------- ---------- --------------------- --------------------- ----------- ------------------------ --------------------- --------------------- --------------------- --------------------- ----------- ------- ----------- -------------------------------------------------------------------------------- -------------- ------------ ----------- ---------- ------------------------ ---------- ------------- ----------- ------- -------------------------------- ------------------------ ------------------ ------------ ---------- ---------- ----------- -------------------- --------------- ------------- -------------------------------------------------------------------------------- -------------------------------------------------------------------------------- -------------------------------------------------------------------------------- -------------------------------------------------------------------------------- ----------- ----------- --------------------- -------------------------------- ------------------- ------------------------
   20100806           4    20100806      152044         1843 10999                                 4              005056C00008                                                            1843        32555 184300023426       2             0102421338      0102421338      253800   159998                1000000.00                  0.00           0 0184300020000000004                       0.00                  0.00                  0.00              16675.31 0           0                                                                                                    1                         0      184302 0                                   5874                  82  0.00000000 0                                                                 A457151343                                                                                                         5 000001,000002,000006,000009,600000,                                              0,0,0,0,1,                                                                       0.000000,25300.000000,1200.000000,2800.000000,1400.000000,                       12000.230000,0.000000,0.000000,0.000000,0.000000,                                          0           0                  0.00 201008060184300020000000004      A457151343          
SQL> select * from hs_secusz.afofetfentrust where fund_account = 32555;
 
  INIT_DATE  ENTRUST_NO   CURR_DATE   CURR_TIME OP_BRANCH_NO OPERATOR_NO        RPT_OPERATOR       OP_ENTRUST_WAY OP_STATION                                                         BRANCH_NO FUND_ACCOUNT CLIENT_ID          EXCHANGE_TYPE STOCK_ACCOUNT   REPORT_ACCOUNT  SEAT_NO  STOCK_CODE        ENTRUST_AMOUNT       ENTRUST_BALANCE REPORT_TIME ALLOT_NO                       BUSINESS_AMOUNT      BUSINESS_BALANCE         CLEAR_BALANCE          PREV_BALANCE SQUARE_FLAG BANK_NO RETURN_CODE RETURN_INFO                                                                      ENTRUST_STATUS CLIENT_GROUP   ROOM_CODE MONEY_TYPE SEARCH_SERIALNO          AGENCY_NO  BUSINESS_FLAG    DISCOUNT ID_KIND ID_NO                            ORIGINAL_APPNO           JOIN_STOCK_ACCOUNT JOIN_SEAT_NO TRANS_CODE OTHER_AGNO OTHER_NETNO OTHER_TRANSACCOUNT   OTHER_STKACCO   COMPONENT_NUM COMPONENT_CODE_STR                                                               COMPONENT_MARKET_STR                                                             COMPONENT_AMOUNT_STR                                                             COMPONENT_BALANCE_STR                                                            SEARCH_FLAG  SEND_COUNT                  FARE POSITION_STR                     JOIN_REPORT_ACCOUNT ORIGINAL_SERIALNO         CLEAR_DATE PREV_STATUS DEAL_STATUS
----------- ----------- ----------- ----------- ------------ ------------------ ------------------ -------------- ---------------------------------------------------------------- ----------- ------------ ------------------ ------------- --------------- --------------- -------- ---------- --------------------- --------------------- ----------- ------------------------ --------------------- --------------------- --------------------- --------------------- ----------- ------- ----------- -------------------------------------------------------------------------------- -------------- ------------ ----------- ---------- ------------------------ ---------- ------------- ----------- ------- -------------------------------- ------------------------ ------------------ ------------ ---------- ---------- ----------- -------------------- --------------- ------------- -------------------------------------------------------------------------------- -------------------------------------------------------------------------------- -------------------------------------------------------------------------------- -------------------------------------------------------------------------------- ----------- ----------- --------------------- -------------------------------- ------------------- ------------------------ ----------- ----------- -----------
   20100806           2    20100806      134858         1843 10999                                 4              005056C00008                                                            1843        32555 184300023426       2             0102421338      0102421338      253800   159998                1000000.00                  0.00           0 0184300020000000002                       0.00                  0.00                  0.00              82685.31 0           0                                                                                                    1                         0      184302 0                                   5874                  82  0.00000000 0                                                                 A457151343                                                                                                         5 000001,000002,000006,000009,600000,                                              0,0,0,0,1,                                                                       0.000000,25300.000000,0.000000,0.000000,0.000000,                                12000.230000,0.000000,12096.000000,10472.000000,34832.000000,                              0           0                  0.00 201008060184300020000000002      A457151343                                             0 1           0
   20100806           4    20100806      152044         1843 10999                                 4              005056C00008                                                            1843        32555 184300023426       2             0102421338      0102421338      253800   159998                1000000.00                  0.00           0 0184300020000000004                       0.00                  0.00                  0.00              16675.31 0           0                                                                                                    1                         0      184302 0                                   5874                  82  0.00000000 0                                                                 A457151343                                                                                                         5 000001,000002,000006,000009,600000,                                              0,0,0,0,1,                                                                       0.000000,25300.000000,1200.000000,2800.000000,1400.000000,                       12000.230000,0.000000,0.000000,0.000000,0.000000,                                          0           0                  0.00 201008060184300020000000004      A457151343                                             0 0           0
SQL> select * from hs_secusz.afofetfentrustdetail where fund_account = 32555;
 
ENTRUST_DATE   BRANCH_NO  ENTRUST_NO FUND_ACCOUNT CLIENT_ID          EXCHANGE_TYPE STOCK_ACCOUNT   REPORT_ACCOUNT  STOCK_CODE COMPONENT_CODE COMPONENT_MARKET SQUARE_FLAG BANK_NO MONEY_TYPE          OCCUR_AMOUNT         OCCUR_BALANCE  CLEAR_DATE PREV_STATUS DEAL_STATUS POSITION_STR
------------ ----------- ----------- ------------ ------------------ ------------- --------------- --------------- ---------- -------------- ---------------- ----------- ------- ---------- --------------------- --------------------- ----------- ----------- ----------- --------------------------------
    20100806        1843           4        32555 184300023426       2             0102421338      0102421338      159998     0                               0           0       0                           0.00               1000.00           0 0           0           201008060184300020000000004
    20100806        1843           4        32555 184300023426       2             0102421338      0102421338      159998     159998                          0           0       0                           0.00               4675.08           0 0           0           201008060184300020000000004
    20100806        1843           4        32555 184300023426       2             0102421338      0102421338      159998     2                               0           0       0                           0.00              12000.23           0 0           0           201008060184300020000000004
 
SQL> select * from hs_secusz.entrust where fund_account = 32555;
 
  INIT_DATE  ENTRUST_NO   CURR_DATE   CURR_TIME OP_BRANCH_NO OPERATOR_NO        RPT_OPERATOR       OP_ENTRUST_WAY OP_STATION                                                          BATCH_NO   BRANCH_NO FUND_ACCOUNT CLIENT_ID          EXCHANGE_TYPE STOCK_ACCOUNT   REPORT_ACCOUNT  SEAT_NO  STOCK_CODE STOCK_TYPE ENTRUST_BS        ENTRUST_AMOUNT ENTRUST_PRICE ENTRUST_TYPE ENTRUST_PROP REPORT_TIME   REPORT_NO   RECORD_NO       BUSINESS_AMOUNT      BUSINESS_BALANCE         CLEAR_BALANCE          PREV_BALANCE SQUARE_FLAG BANK_NO REPORT_BS  STORE_UNIT REPORT_UNIT FUND_FLAG    ERROR_NO ENTRUST_STATUS CLIENT_GROUP   ROOM_CODE POSITION_STR                     MONEY_TYPE PROP_SEAT_NO PROP_STOCK_ACCOUNT       ENTRUST_AMOUNT2 ENTRUST_PRICE2
----------- ----------- ----------- ----------- ------------ ------------------ ------------------ -------------- ---------------------------------------------------------------- ----------- ----------- ------------ ------------------ ------------- --------------- --------------- -------- ---------- ---------- ---------- --------------------- ------------- ------------ ------------ ----------- ----------- ----------- --------------------- --------------------- --------------------- --------------------- ----------- ------- --------- ----------- ----------- --------- ----------- -------------- ------------ ----------- -------------------------------- ---------- ------------ ------------------ --------------------- --------------

T日上海清算转入（申购）
SQL> select * from hs_secu.preclear where fund_account = 32555;
 
  INIT_DATE   SERIAL_NO   CURR_TIME BUSINESS_FLAG FILE_KIND   FILE_TYPE EXCHANGE_TYPE REPORT_ACCOUNT  STOCK_ACCOUNT   STOCK_CODE FROZEN_CODE ENTRUST_BS SEAT_NO    REPORT_NO BUSINESS_NO BUSINESS_TYPE BUSINESS_PRICE      BUSINESS_BALANCE REPORT_TIME BUSINESS_TIME BUSINESS_TIMES OP_BRANCH_NO OPERATOR_NO        OP_STATION                                                       OP_ENTRUST_WAY ENTRUST_DATE ENTRUST_TIME  ENTRUST_NO        ENTRUST_AMOUNT SQUARE_FLAG BANK_NO   BRANCH_NO FUND_ACCOUNT FARE_KIND_STR                                                                                    FARE0                 FARE1                 FARE2                 FARE3                 FAREX        STANDARD_FARE0         EXCHANGE_FARE       BUSINESS_AMOUNT          OCCUR_AMOUNT         FROZEN_AMOUNT       UNFROZEN_AMOUNT     UNCOME_BUY_AMOUNT    UNCOME_SELL_AMOUNT        CORRECT_AMOUNT           POST_AMOUNT         CLEAR_BALANCE        FROZEN_BALANCE      UNFROZEN_BALANCE    UNCOME_BUY_BALANCE   UNCOME_SELL_BALANCE       CORRECT_BALANCE          POST_BALANCE    STOCK_INTEREST       STOCK_INTERESTX                PROFIT   DATE_BACK FUND_BACK_N STOCK_BACK_N CLIENT_ID          MONEY_TYPE STOCK_TYPE STOCK_NAME                       REPORT_UNIT FARE_STKCODE FARE_STKTYPE REAL_STATUS DEFAULT_BRANCH DEFAULT_ACCOUNT SET_SEAT_NO FARE_REMARK                                                                      REMARK                                                                                  EXCHANGE_FARE0        EXCHANGE_FARE1        EXCHANGE_FARE2        EXCHANGE_FARE3        EXCHANGE_FARE4        EXCHANGE_FARE5        EXCHANGE_FARE6        EXCHANGE_FAREX                REBATE             BROKERAGE
----------- ----------- ----------- ------------- --------- ----------- ------------- --------------- --------------- ---------- ----------- ---------- -------- ----------- ----------- ------------- -------------- --------------------- ----------- ------------- -------------- ------------ ------------------ ---------------------------------------------------------------- -------------- ------------ ------------ ----------- --------------------- ----------- ------- ----------- ------------ -------------------------------------------------------------------------------- --------------------- --------------------- --------------------- --------------------- --------------------- --------------------- --------------------- --------------------- --------------------- --------------------- --------------------- --------------------- --------------------- --------------------- --------------------- --------------------- --------------------- --------------------- --------------------- --------------------- --------------------- --------------------- ----------------- --------------------- --------------------- ----------- ----------- ------------ ------------------ ---------- ---------- -------------------------------- ----------- ------------ ------------ ----------- -------------- --------------- ----------- -------------------------------------------------------------------------------- -------------------------------------------------------------------------------- --------------------- --------------------- --------------------- --------------------- --------------------- --------------------- --------------------- --------------------- --------------------- ---------------------
   20100806          41      152220          4083 6                 100 1             A457151343      A457151343      600000     600000      2          W06                0           1 9                      0.000                  0.00           0        160000              1         8888 10351              0019B9357E13                                                     4                  20100806       152220           0                  0.00                            1843        32555                                                                                                   0.00                  0.00                  0.00                  0.00                  0.00                  0.00                  0.00               1400.00                  0.00               1400.00                  0.00                  0.00                  0.00                  0.00                  0.00                  0.00                  0.00                  0.00                  0.00                  0.00                  0.00                  0.00        0.00000000                  0.00                  0.00           0           0            0                    0          0          浦发银行                                   0                           0                        0         3300159 W06                                                                                          长期冻结                                                                                          0.00                  0.00                  0.00                  0.00                  0.00                  0.00                  0.00                  0.00                  0.00                  0.00
SQL> select * from hs_secu.business where fund_account = 32555;
 
  INIT_DATE   FILE_TYPE EXCHANGE_TYPE SEAT_NO    REPORT_NO BUSINESS_NO REPORT_ACCOUNT  STOCK_CODE ENTRUST_BS BUSINESS_TYPE BUSINESS_DATE       BUSINESS_AMOUNT BUSINESS_PRICE      BUSINESS_BALANCE           POST_AMOUNT REPORT_TIME BUSINESS_TIME MATCH_STATUS REMARK                                                                           OP_BRANCH_NO OPERATOR_NO        OP_ENTRUST_WAY OP_STATION                                                       ENTRUST_DATE    BATCH_NO  ENTRUST_NO SQUARE_FLAG BANK_NO   BRANCH_NO FUND_ACCOUNT STOCK_ACCOUNT   FARE_KIND_STR                                                                       STOCK_INTEREST DISCOUNT_RATE DEFAULT_BRANCH SET_SEAT_NO FILE_KIND
----------- ----------- ------------- -------- ----------- ----------- --------------- ---------- ---------- ------------- ------------- --------------------- -------------- --------------------- --------------------- ----------- ------------- ------------ -------------------------------------------------------------------------------- ------------ ------------------ -------------- ---------------------------------------------------------------- ------------ ----------- ----------- ----------- ------- ----------- ------------ --------------- -------------------------------------------------------------------------------- ----------------- ------------- -------------- ----------- ---------
   20100806         100 1             W06                0           1 A457151343      600000     2          9                         0               1400.00          0.000                  0.00                  0.00           0        160000 0                                                                                                     8888 10351              4              0019B9357E13                                                         20100806           0           0                            1843        32555 A457151343      0|0                                                                                     0.00000000    0.00000000              0 W06         6
T日上海清算入账（申购）
SQL> select * from hs_secu.stock where fund_account = 32555;
 
  BRANCH_NO EXCHANGE_TYPE STOCK_ACCOUNT   STOCK_CODE FUND_ACCOUNT CLIENT_ID          MONEY_TYPE STOCK_TYPE          BEGIN_AMOUNT        CURRENT_AMOUNT     UNCOME_BUY_AMOUNT    UNCOME_SELL_AMOUNT         FROZEN_AMOUNT       UNFROZEN_AMOUNT        CORRECT_AMOUNT        SUM_BUY_AMOUNT       SUM_BUY_BALANCE       SUM_SELL_AMOUNT      SUM_SELL_BALANCE           COST_PRICE POSITION_STR
----------- ------------- --------------- ---------- ------------ ------------------ ---------- ---------- --------------------- --------------------- --------------------- --------------------- --------------------- --------------------- --------------------- --------------------- --------------------- --------------------- --------------------- -------------------- --------------------------------
       1843 1             A457151343      600009            32555 184300023426       0          0                       10000.00              10000.00                  0.00                  0.00                  0.00                  0.00                  0.00              10000.00                  0.00                  0.00                  0.00                0.000 0184300010A457151343600009
       1843 1             A457151343      600000            32555 184300023426       0          0                       10000.00              10000.00                  0.00                  0.00               1400.00                  0.00                  0.00                  0.00                  0.00                  0.00                  0.00                0.000 0184300010A457151343600000
SQL> select * from hs_secu.stockjour where fund_account = 32555;
 
  INIT_DATE   SERIAL_NO STOCK_ACCOUNT   STOCK_CODE   BRANCH_NO EXCHANGE_TYPE   CURR_DATE   CURR_TIME BUSINESS_FLAG OPERATOR_NO        OP_STATION                                                       OP_ENTRUST_WAY FUND_ACCOUNT CLIENT_ID          STOCK_TYPE          OCCUR_AMOUNT           POST_AMOUNT JOIN_SERIALNO CHECK_STRING                     REMARK                                                                           REAL_STATUS POSITION_STR                     CLIENT_GROUP   ROOM_CODE FARE_KIND_STR                                                                    MONEY_TYPE
----------- ----------- --------------- ---------- ----------- ------------- ----------- ----------- ------------- ------------------ ---------------------------------------------------------------- -------------- ------------ ------------------ ---------- --------------------- --------------------- ------------- -------------------------------- -------------------------------------------------------------------------------- ----------- -------------------------------- ------------ ----------- -------------------------------------------------------------------------------- ----------
   20100806          30 A457151343      600000            1843 1                20100806      154127          4083 10351              0019B9357E13                                                     4                     32555 184300023426       0                        1400.00              10000.00             0                                  长期冻结                                                                         1           2010080600010000000030                      0      184302 9999999999999999999999999999999918430010184300101843001018430010                 0

T日深圳清算文件转入（申购）
SQL> select * from hs_secusz.preclear where fund_account = 32555;
 
  INIT_DATE   SERIAL_NO   CURR_TIME BUSINESS_FLAG FILE_KIND   FILE_TYPE EXCHANGE_TYPE REPORT_ACCOUNT  STOCK_ACCOUNT   STOCK_CODE FROZEN_CODE ENTRUST_BS SEAT_NO    REPORT_NO BUSINESS_NO BUSINESS_TYPE BUSINESS_PRICE      BUSINESS_BALANCE REPORT_TIME BUSINESS_TIME BUSINESS_TIMES OP_BRANCH_NO OPERATOR_NO        OP_STATION                                                       OP_ENTRUST_WAY ENTRUST_DATE ENTRUST_TIME  ENTRUST_NO        ENTRUST_AMOUNT SQUARE_FLAG BANK_NO   BRANCH_NO FUND_ACCOUNT FARE_KIND_STR                                                                                    FARE0                 FARE1                 FARE2                 FARE3                 FAREX        STANDARD_FARE0         EXCHANGE_FARE       BUSINESS_AMOUNT          OCCUR_AMOUNT         FROZEN_AMOUNT       UNFROZEN_AMOUNT     UNCOME_BUY_AMOUNT    UNCOME_SELL_AMOUNT        CORRECT_AMOUNT           POST_AMOUNT         CLEAR_BALANCE        FROZEN_BALANCE      UNFROZEN_BALANCE    UNCOME_BUY_BALANCE   UNCOME_SELL_BALANCE       CORRECT_BALANCE          POST_BALANCE    STOCK_INTEREST       STOCK_INTERESTX                PROFIT   DATE_BACK FUND_BACK_N STOCK_BACK_N CLIENT_ID          MONEY_TYPE STOCK_TYPE STOCK_NAME                       REPORT_UNIT FARE_STKCODE FARE_STKTYPE REAL_STATUS DEFAULT_BRANCH DEFAULT_ACCOUNT SET_SEAT_NO FARE_REMARK                                                                      REMARK                                                                                  EXCHANGE_FARE0        EXCHANGE_FARE1        EXCHANGE_FARE2        EXCHANGE_FARE3        EXCHANGE_FARE4        EXCHANGE_FARE5        EXCHANGE_FARE6        EXCHANGE_FAREX                REBATE             BROKERAGE
----------- ----------- ----------- ------------- --------- ----------- ------------- --------------- --------------- ---------- ----------- ---------- -------- ----------- ----------- ------------- -------------- --------------------- ----------- ------------- -------------- ------------ ------------------ ---------------------------------------------------------------- -------------- ------------ ------------ ----------- --------------------- ----------- ------- ----------- ------------ -------------------------------------------------------------------------------- --------------------- --------------------- --------------------- --------------------- --------------------- --------------------- --------------------- --------------------- --------------------- --------------------- --------------------- --------------------- --------------------- --------------------- --------------------- --------------------- --------------------- --------------------- --------------------- --------------------- --------------------- --------------------- ----------------- --------------------- --------------------- ----------- ----------- ------------ ------------------ ---------- ---------- -------------------------------- ----------- ------------ ------------ ----------- -------------- --------------- ----------- -------------------------------------------------------------------------------- -------------------------------------------------------------------------------- --------------------- --------------------- --------------------- --------------------- --------------------- --------------------- --------------------- --------------------- --------------------- ---------------------
   20100806         300      155145          4081 8                  31 2             0102421338      0102421338      159998     159998      1          253800             4          44 N                      0.000                  0.00           0        155145              1         1843 10999              005056C00008                                                     4                  20100806       160000           4                  0.00                            1843        32555 9999999999999999999999999999999918430010184300101843001018430010                                  0.00                  0.00                  0.00                  0.00                  0.00                  0.00                  0.00                  0.00                  0.00                  0.00                  0.00                  0.00                  0.00                  0.00                  0.00                  0.00               1000.00                  0.00                  0.00                  0.00                  0.00                  0.00        0.00000000                  0.00                  0.00           0           0            0 184300023426       0          T          沪深50ET                                   1                           1                     1843           33009 253800                                                                                       跨市ETF申购费用冻结                                                                               0.00                  0.00                  0.00                  0.00                  0.00                  0.00                  0.00                  0.00                  0.00                  0.00
   20100806         301      155145          4081 8                  31 2             0102421338      0102421338      159998     159998      1          253800             4          44 N                      0.000                  0.00           0        155145              1         1843 10999              005056C00008                                                     4                  20100806       160000           4                  0.00                            1843        32555 9999999999999999999999999999999918430010184300101843001018430010                                  0.00                  0.00                  0.00                  0.00                  0.00                  0.00                  0.00                  0.00                  0.00                  0.00                  0.00                  0.00                  0.00                  0.00                  0.00                  0.00              12000.23                  0.00                  0.00                  0.00                  0.00                  0.00        0.00000000                  0.00                  0.00           0           0            0 184300023426       0          T          沪深50ET                                   1                           1                     1843           33009 253800                                                                                       跨市ETF申购现金替代冻结                                                                           0.00                  0.00                  0.00                  0.00                  0.00                  0.00                  0.00                  0.00                  0.00                  0.00
   20100806         302      155145          4081 8                  31 2             0102421338      0102421338      159998     159998      1          253800             4          44 N                      0.000            4200000.00           0        155145              1         1843 10999              005056C00008                                                     4                  20100806       160000           4                100.00                            1843        32555 9999999999999999999999999999999918430010184300101843001018430010                                  0.00                  0.00                  0.00                  0.00                  0.00                  0.00                  0.00            1000000.00                  0.00                  0.00                  0.00                  0.00                  0.00                  0.00                  0.00                  0.00               4675.08                  0.00                  0.00                  0.00                  0.00                  0.00        0.00000000                  0.00                  0.00           0           0            0 184300023426       0          T          沪深50ET                                   1                           1                     1843           33009 253800                                                                                       跨市ETF申购预估现金冻结                                                                           0.00                  0.00                  0.00                  0.00                  0.00                  0.00                  0.00                  0.00                  0.00                  0.00
   20100806         305      155145          4083 8                  31 2             0102421338      0102421338      000006     000006      2          253800             4          55 N                      0.000                  0.00           0        155145              1         1843 10999              005056C00008                                                     4                  20100806       160000           4                200.00                            1843        32555 9999999999999999999999999999999918430010184300101843001018430010                                  0.00                  0.00                  0.00                  0.00                  0.00                  0.00                  0.00               1200.00                  0.00               1200.00                  0.00                  0.00                  0.00                  0.00                  0.00                  0.00                  0.00                  0.00                  0.00                  0.00                  0.00                  0.00        0.00000000                  0.00                  0.00           0           0            0 184300023426       0          0          深振业Ａ                                   1                           1                     1843           33009 253800                                                                                       跨市ETF申购证券冻结                                                                               0.00                  0.00                  0.00                  0.00                  0.00                  0.00                  0.00                  0.00                  0.00                  0.00
   20100806         298      155145          4083 8                  31 2             0102421338      0102421338      000002     000002      2          253800             4          44 N                      0.000                  0.00           0        155145              1         1843 10999              005056C00008                                                     4                  20100806       160000           4                100.00                            1843        32555 9999999999999999999999999999999918430010184300101843001018430010                                  0.00                  0.00                  0.00                  0.00                  0.00                  0.00                  0.00              25300.00                  0.00              25300.00                  0.00                  0.00                  0.00                  0.00                  0.00                  0.00                  0.00                  0.00                  0.00                  0.00                  0.00                  0.00        0.00000000                  0.00                  0.00           0           0            0 184300023426       0          0          万  科Ａ                                   1                           1                     1843           33009 253800                                                                                       跨市ETF申购证券冻结                                                                               0.00                  0.00                  0.00                  0.00                  0.00                  0.00                  0.00                  0.00                  0.00                  0.00
   20100806         306      155145          4083 8                  31 2             0102421338      0102421338      000009     000009      2          253800             4          44 N                      0.000                  0.00           0        155145              1         1843 10999              005056C00008                                                     4                  20100806       160000           4                100.00                            1843        32555 9999999999999999999999999999999918430010184300101843001018430010                                  0.00                  0.00                  0.00                  0.00                  0.00                  0.00                  0.00               2800.00                  0.00               2800.00                  0.00                  0.00                  0.00                  0.00                  0.00                  0.00                  0.00                  0.00                  0.00                  0.00                  0.00                  0.00        0.00000000                  0.00                  0.00           0           0            0 184300023426       0          0          S深宝安A                                   1                           1                     1843           33009 253800                                                                                       跨市ETF申购证券冻结                                                                               0.00                  0.00                  0.00                  0.00                  0.00                  0.00                  0.00                  0.00                  0.00                  0.00
   20100806         299      155145          4083 8                  31 2             0102421338      0102421338      000001     000001      2          253800             4          55 N                      0.000              12000.23           0        155145              1         1843 10999              005056C00008                                                     4                  20100806       160000           4                200.00                            1843        32555 9999999999999999999999999999999918430010184300101843001018430010                                  0.00                  0.00                  0.00                  0.00                  0.00                  0.00                  0.00                  0.00                  0.00                  0.00                  0.00                  0.00                  0.00                  0.00                  0.00                  0.00                  0.00                  0.00                  0.00                  0.00                  0.00                  0.00        0.00000000                  0.00                  0.00           0           0            0 184300023426       0          0          S深发展A                                   1                           1                     1843           33009 253800                                                                                       跨市ETF申购证券冻结                                                                               0.00                  0.00                  0.00                  0.00                  0.00                  0.00                  0.00                  0.00                  0.00                  0.00
 
7 rows selected
SQL> select * from hs_secusz.business where fund_account = 32555;
 
  INIT_DATE   FILE_TYPE EXCHANGE_TYPE SEAT_NO    REPORT_NO BUSINESS_NO REPORT_ACCOUNT  STOCK_CODE ENTRUST_BS BUSINESS_TYPE BUSINESS_DATE       BUSINESS_AMOUNT BUSINESS_PRICE      BUSINESS_BALANCE           POST_AMOUNT REPORT_TIME BUSINESS_TIME MATCH_STATUS REMARK                                                                           OP_BRANCH_NO OPERATOR_NO        OP_ENTRUST_WAY OP_STATION                                                       ENTRUST_DATE    BATCH_NO  ENTRUST_NO SQUARE_FLAG BANK_NO   BRANCH_NO FUND_ACCOUNT STOCK_ACCOUNT   FARE_KIND_STR                                                                       STOCK_INTEREST DISCOUNT_RATE DEFAULT_BRANCH SET_SEAT_NO FILE_KIND
----------- ----------- ------------- -------- ----------- ----------- --------------- ---------- ---------- ------------- ------------- --------------------- -------------- --------------------- --------------------- ----------- ------------- ------------ -------------------------------------------------------------------------------- ------------ ------------------ -------------- ---------------------------------------------------------------- ------------ ----------- ----------- ----------- ------- ----------- ------------ --------------- -------------------------------------------------------------------------------- ----------------- ------------- -------------- ----------- ---------
SQL> select * from hs_secusz.afofbusiness where fund_account = 32555;
 
  INIT_DATE   SERIAL_NO   BRANCH_NO FUND_ACCOUNT CLIENT_ID          SQUARE_FLAG BANK_NO MONEY_TYPE EXCHANGE_TYPE STOCK_ACCOUNT   REPORT_ACCOUNT  STOCK_CODE ENTRUST_BS ENTRUST_DATE  ENTRUST_NO ENTRUST_WAY ENTRUST_TIME       ENTRUST_BALANCE        ENTRUST_AMOUNT BUSINESS_CODE BUSINESS_TYPE BUSINESS_NO BUSINESS_DATE      BUSINESS_BALANCE       BUSINESS_AMOUNT         NAV SEAT_NO  ALLOT_NO                 REPORT_TIME            TOTAL_FARE            AGENT_FARE            OTHER_FARE            AFTER_FARE RETURN_CODE RETURN_INFO                                                                      REMARK                                                                           MATCH_STATUS OP_STATION                                                       REAL_STATUS   DATE_BACK AGENCY_NO  MAIN_STOCKCODE DETAIL_FLAG ORIGINAL_APPNO           TA_FLAG SET_SEAT_NO   FILE_TYPE POSITION_STR
----------- ----------- ----------- ------------ ------------------ ----------- ------- ---------- ------------- --------------- --------------- ---------- ---------- ------------ ----------- ----------- ------------ --------------------- --------------------- ------------- ------------- ----------- ------------- --------------------- --------------------- ----------- -------- ------------------------ ----------- --------------------- --------------------- --------------------- --------------------- ----------- -------------------------------------------------------------------------------- -------------------------------------------------------------------------------- ------------ ---------------------------------------------------------------- ----------- ----------- ---------- -------------- ----------- ------------------------ ------- ----------- ----------- --------------------------------
   20100806          76        1843        32555 184300023426                           0          2             0102421338      0102421338      159998     1              20100806           4 4                 160000                  4.00                100.00 082           N                      44      20100112            4200000.00            1000000.00      1.0000 253800   4                                  0                  3.00                 11.00                  2.00                  0.00 0000                                                                                         1                                                                                0            005056C00008                                                     0                     0            160610         0           201001180184320000000002 1       253800               31 2010080600020000000076
   20100806          78        1843        32555 184300023426                           0          2             0102421338      0102421338      000006     2              20100806           4 4                 160000                  5.00                200.00 082           N                      55      20100112                  0.00               1200.00      1.0000 253800   4                                  0                  4.00                 11.00                  2.00                  0.05 0000                                                                                         1                                                                                0            005056C00008                                                     0                     0            160610         1           201001180184320000000002 1       253800               31 2010080600020000000078
   20100806          75        1843        32555 184300023426                           0          2             0102421338      0102421338      000002     2              20100806           4 4                 160000                  4.00                100.00 082           N                      44      20100112                  0.00              25300.00      1.0000 253800   4                                  0                  3.00                 11.00                  2.00                  0.00 0000                                                                                         1                                                                                0            005056C00008                                                     0                     0            160610         1           201001180184320000000002 1       253800               31 2010080600020000000075
   20100806          79        1843        32555 184300023426                           0          2             0102421338      0102421338      000009     2              20100806           4 4                 160000                  4.00                100.00 082           N                      44      20100112                  0.00               2800.00      1.0000 253800   4                                  0                  3.00                 11.00                  2.00                  0.00 0000                                                                                         1                                                                                0            005056C00008                                                     0                     0            160610         1           201001180184320000000002 1       253800               31 2010080600020000000079
   20100806          73        1843        32555 184300023426                           0          2             0102421338      0102421338      000001     2              20100806           4 4                 160000                  5.00                200.00 082           N                      55      20100112              12000.23                  0.00      1.0000 253800   4                                  0                  4.00                 11.00                  2.00                  0.05 0000                                                                                         1                                                                                0            005056C00008                                                     0                     0            160610         1           201001180184320000000002 1       253800               31 2010080600020000000073
   20100806          74        1843        32555 184300023426                           0          2             0102421338      0102421338      600000     2              20100806           4 4                 160000                  4.00                100.00 082           N                      44      20100112                  0.00               1400.00      1.0000 253800   4                                  0                  3.00                 11.00                  2.00                  0.00 0000                                                                                         1                                                                                0            005056C00008                                                     0                     0            160610         1           201001180184320000000002 1       253800               31 2010080600020000000074
  
深圳清算入账（申购）
SQL> select * from hs_secusz.stock where fund_account = 32555;
 
  BRANCH_NO EXCHANGE_TYPE STOCK_ACCOUNT   STOCK_CODE FUND_ACCOUNT CLIENT_ID          MONEY_TYPE STOCK_TYPE          BEGIN_AMOUNT        CURRENT_AMOUNT     UNCOME_BUY_AMOUNT    UNCOME_SELL_AMOUNT         FROZEN_AMOUNT       UNFROZEN_AMOUNT        CORRECT_AMOUNT        SUM_BUY_AMOUNT       SUM_BUY_BALANCE       SUM_SELL_AMOUNT      SUM_SELL_BALANCE           COST_PRICE POSITION_STR
----------- ------------- --------------- ---------- ------------ ------------------ ---------- ---------- --------------------- --------------------- --------------------- --------------------- --------------------- --------------------- --------------------- --------------------- --------------------- --------------------- --------------------- -------------------- --------------------------------
       1843 2             0102421338      000001            32555 184300023426       0          0                           0.00                  0.00                  0.00                  0.00                  0.00                  0.00                  0.00                  0.00                  0.00                  0.00                  0.00                0.000 01843000200102421338000001
       1843 2             0102421338      159998            32555 184300023426       0          T                           0.00                  0.00                  0.00                  0.00                  0.00                  0.00                  0.00                  0.00                  0.00                  0.00                  0.00                0.000 01843000200102421338159998
       1843 2             0102421338      000002            32555 184300023426       0          0                     1000000.00            2000000.00                  0.00                  0.00              25300.00                  0.00                  0.00            2000000.00            2000000.00                  0.00                  0.00                1.000 01843000200102421338000002
       1843 2             0102421338      000009            32555 184300023426       0          0                           0.00            1000000.00                  0.00                  0.00               2800.00                  0.00                  0.00            1000000.00            1000000.00                  0.00                  0.00                1.000 01843000200102421338000009
       1843 2             0102421338      000006            32555 184300023426       0          0                           0.00            1000000.00                  0.00                  0.00               1200.00                  0.00                  0.00            1000000.00            1000000.00                  0.00                  0.00                1.000 01843000200102421338000006
SQL> select * from hs_secusz.stockjour where fund_account = 32555;
 
  INIT_DATE   SERIAL_NO STOCK_ACCOUNT   STOCK_CODE   BRANCH_NO EXCHANGE_TYPE   CURR_DATE   CURR_TIME BUSINESS_FLAG OPERATOR_NO        OP_STATION                                                       OP_ENTRUST_WAY FUND_ACCOUNT CLIENT_ID          STOCK_TYPE          OCCUR_AMOUNT           POST_AMOUNT JOIN_SERIALNO CHECK_STRING                     REMARK                                                                           REAL_STATUS POSITION_STR                     CLIENT_GROUP   ROOM_CODE FARE_KIND_STR                                                                    MONEY_TYPE
----------- ----------- --------------- ---------- ----------- ------------- ----------- ----------- ------------- ------------------ ---------------------------------------------------------------- -------------- ------------ ------------------ ---------- --------------------- --------------------- ------------- -------------------------------- -------------------------------------------------------------------------------- ----------- -------------------------------- ------------ ----------- -------------------------------------------------------------------------------- ----------
   20100806         209 0102421338      000002            1843 2                20100806      151029          3102 10999              005056C00008                                                     4                     32555 184300023426       0                     1000000.00            2000000.00             0                                                                                                                               2010080600020000000209                      0      184302 9999999999999999999999999999999918430010184300101843001018430010                 0
   20100806         210 0102421338      000006            1843 2                20100806      151053          3102 10999              005056C00008                                                     4                     32555 184300023426       0                     1000000.00            1000000.00             0                                                                                                                               2010080600020000000210                      0      184302 9999999999999999999999999999999918430010184300101843001018430010                 0
   20100806         211 0102421338      000009            1843 2                20100806      151109          3102 10999              005056C00008                                                     4                     32555 184300023426       0                     1000000.00            1000000.00             0                                                                                                                               2010080600020000000211                      0      184302 9999999999999999999999999999999918430010184300101843001018430010                 0
   20100806         213 0102421338      000009            1843 2                20100806      155410          4083 10351              0019B9357E13                                                     4                     32555 184300023426       0                        2800.00            1000000.00             0                                  跨市ETF申购证券冻结                                                              1           2010080600020000000213                      0      184302 9999999999999999999999999999999918430010184300101843001018430010                 0
   20100806         218 0102421338      000002            1843 2                20100806      155410          4083 10351              0019B9357E13                                                     4                     32555 184300023426       0                       25300.00            2000000.00             0                                  跨市ETF申购证券冻结                                                              1           2010080600020000000218                      0      184302 9999999999999999999999999999999918430010184300101843001018430010                 0
   20100806         220 0102421338      000006            1843 2                20100806      155410          4083 10351              0019B9357E13                                                     4                     32555 184300023426       0                        1200.00            1000000.00             0                                  跨市ETF申购证券冻结                                                              1           2010080600020000000220                      0      184302 9999999999999999999999999999999918430010184300101843001018430010                 0
 
6 rows selected
SQL> select * from hs_fund.fund where fund_account = 32555;
 
CLIENT_ID          FUND_ACCOUNT MONEY_TYPE RATE_KIND   BRANCH_NO         BEGIN_BALANCE       CURRENT_BALANCE          CASH_BALANCE         CHECK_BALANCE        FROZEN_BALANCE      UNFROZEN_BALANCE    UNCOME_BUY_BALANCE   UNCOME_SELL_BALANCE UNCOME_CORRECT_BALANCE       CORRECT_BALANCE      FOREGIFT_BALANCE      MORTGAGE_BALANCE      INTEGRAL_BALANCE         FINE_INTEGRAL              INTEREST INTEGRAL_UPDATE CHECK_STRING                              BAIL_BALANCE POSITION_STR                     BANK_NO SQUARE_FLAG
------------------ ------------ ---------- --------- ----------- --------------------- --------------------- --------------------- --------------------- --------------------- --------------------- --------------------- --------------------- ---------------------- --------------------- --------------------- --------------------- --------------------- --------------------- --------------------- --------------- -------------------------------- --------------------- -------------------------------- ------- -----------
184300023426              32555 0          0                1843          100001283.72          100001283.72           99999990.63                  0.00              17675.31                  0.00                  0.00                  0.00                   0.00                  0.00                  0.00                  0.00        29601153450.16                  0.00                132.95        20100806                                              -16675.31 0184300000325550                 0       0
SQL> select * from hs_fund.fundjour where fund_account = 32555;
 
  INIT_DATE   SERIAL_NO CLIENT_ID          FUND_ACCOUNT MONEY_TYPE EXCHANGE_TYPE   CURR_DATE   CURR_TIME BUSINESS_FLAG OP_BRANCH_NO OPERATOR_NO        OP_STATION                                                       OP_ENTRUST_WAY   BRANCH_NO BANK_NO         OCCUR_BALANCE          POST_BALANCE   JOIN_DATE JOIN_SERIALNO CHECK_STRING                     REMARK                                                                           REAL_STATUS POSITION_STR                     CLIENT_GROUP   ROOM_CODE
----------- ----------- ------------------ ------------ ---------- ------------- ----------- ----------- ------------- ------------ ------------------ ---------------------------------------------------------------- -------------- ----------- ------- --------------------- --------------------- ----------- ------------- -------------------------------- -------------------------------------------------------------------------------- ----------- -------------------------------- ------------ -----------
   20100806         238 184300023426              32555 0          2                20100806      155409          4081         1843 10999              005056C00008                                                     4                     1843 0                    12000.23          100001283.72           0             0                                  跨市ETF申购现金替代冻结,沪深50ET,159998                                          1           201008060000000238                          0      184302
   20100806         239 184300023426              32555 0          2                20100806      155409          4081         1843 10999              005056C00008                                                     4                     1843 0                     4675.08          100001283.72           0             0                                  跨市ETF申购预估现金冻结,沪深50ET,159998                                          1           201008060000000239                          0      184302
   20100806         240 184300023426              32555 0          2                20100806      155409          4081         1843 10999              005056C00008                                                     4                     1843 0                     1000.00          100001283.72           0             0                                  跨市ETF申购费用冻结,沪深50ET,159998                                              1           201008060000000240                          0      184302

####################################################
T+1日 上海清算转入（申购）
SQL> select * from hs_secu.preclear where fund_account = 32555;
 
  INIT_DATE   SERIAL_NO   CURR_TIME BUSINESS_FLAG FILE_KIND   FILE_TYPE EXCHANGE_TYPE REPORT_ACCOUNT  STOCK_ACCOUNT   STOCK_CODE FROZEN_CODE ENTRUST_BS SEAT_NO    REPORT_NO BUSINESS_NO BUSINESS_TYPE BUSINESS_PRICE      BUSINESS_BALANCE REPORT_TIME BUSINESS_TIME BUSINESS_TIMES OP_BRANCH_NO OPERATOR_NO        OP_STATION                                                       OP_ENTRUST_WAY ENTRUST_DATE ENTRUST_TIME  ENTRUST_NO        ENTRUST_AMOUNT SQUARE_FLAG BANK_NO   BRANCH_NO FUND_ACCOUNT FARE_KIND_STR                                                                                    FARE0                 FARE1                 FARE2                 FARE3                 FAREX        STANDARD_FARE0         EXCHANGE_FARE       BUSINESS_AMOUNT          OCCUR_AMOUNT         FROZEN_AMOUNT       UNFROZEN_AMOUNT     UNCOME_BUY_AMOUNT    UNCOME_SELL_AMOUNT        CORRECT_AMOUNT           POST_AMOUNT         CLEAR_BALANCE        FROZEN_BALANCE      UNFROZEN_BALANCE    UNCOME_BUY_BALANCE   UNCOME_SELL_BALANCE       CORRECT_BALANCE          POST_BALANCE    STOCK_INTEREST       STOCK_INTERESTX                PROFIT   DATE_BACK FUND_BACK_N STOCK_BACK_N CLIENT_ID          MONEY_TYPE STOCK_TYPE STOCK_NAME                       REPORT_UNIT FARE_STKCODE FARE_STKTYPE REAL_STATUS DEFAULT_BRANCH DEFAULT_ACCOUNT SET_SEAT_NO FARE_REMARK                                                                      REMARK                                                                                  EXCHANGE_FARE0        EXCHANGE_FARE1        EXCHANGE_FARE2        EXCHANGE_FARE3        EXCHANGE_FARE4        EXCHANGE_FARE5        EXCHANGE_FARE6        EXCHANGE_FAREX                REBATE             BROKERAGE
----------- ----------- ----------- ------------- --------- ----------- ------------- --------------- --------------- ---------- ----------- ---------- -------- ----------- ----------- ------------- -------------- --------------------- ----------- ------------- -------------- ------------ ------------------ ---------------------------------------------------------------- -------------- ------------ ------------ ----------- --------------------- ----------- ------- ----------- ------------ -------------------------------------------------------------------------------- --------------------- --------------------- --------------------- --------------------- --------------------- --------------------- --------------------- --------------------- --------------------- --------------------- --------------------- --------------------- --------------------- --------------------- --------------------- --------------------- --------------------- --------------------- --------------------- --------------------- --------------------- --------------------- ----------------- --------------------- --------------------- ----------- ----------- ------------ ------------------ ---------- ---------- -------------------------------- ----------- ------------ ------------ ----------- -------------- --------------- ----------- -------------------------------------------------------------------------------- -------------------------------------------------------------------------------- --------------------- --------------------- --------------------- --------------------- --------------------- --------------------- --------------------- --------------------- --------------------- ---------------------
   20100807           9      162910          4084 6                 100 1             A457151343      A457151343      600000     600000      1          W06                0           1 9                      0.000                  0.00           0        160000              1         8888 10351              0019B9357E13                                                     4                  20100807       162910           0                  0.00                            1843        32555                                                                                                   0.00                  0.00                  0.00                  0.00                  0.00                  0.00                  0.00               1400.00                  0.00              -1400.00                  0.00                  0.00                  0.00                  0.00                  0.00                  0.00                  0.00                  0.00                  0.00                  0.00                  0.00                  0.00        0.00000000                  0.00                  0.00           0           0            0                    0          0          浦发银行                                   0                           0                        0         3300159 W06                                                                                          长期解冻                                                                                          0.00                  0.00                  0.00                  0.00                  0.00                  0.00                  0.00                  0.00                  0.00                  0.00
   20100807          10      162910          4010 6                 100 1             A457151343      A457151343      600000     600000      2          W06                0           2 7                      0.000                  0.00           0        160000              1         8888 10351              0019B9357E13                                                     4                  20100807       162910           0                  0.00                            1843        32555                                                                                                   0.00                  0.00                  0.00                  0.00                  0.00                  0.00                  0.00               1400.00              -1400.00                  0.00                  0.00                  0.00                  0.00                  0.00                  0.00                  0.00                  0.00                  0.00                  0.00                  0.00                  0.00                  0.00        0.00000000                  0.00                  0.00           0           0            0                    0          0          浦发银行                                   0                           0                        0         3300159 W06                                                                                          托管转出                                                                                          0.00                  0.00                  0.00                  0.00                  0.00                  0.00                  0.00                  0.00                  0.00                  0.00
SQL> select * from hs_secu.business where fund_account = 32555;
 
  INIT_DATE   FILE_TYPE EXCHANGE_TYPE SEAT_NO    REPORT_NO BUSINESS_NO REPORT_ACCOUNT  STOCK_CODE ENTRUST_BS BUSINESS_TYPE BUSINESS_DATE       BUSINESS_AMOUNT BUSINESS_PRICE      BUSINESS_BALANCE           POST_AMOUNT REPORT_TIME BUSINESS_TIME MATCH_STATUS REMARK                                                                           OP_BRANCH_NO OPERATOR_NO        OP_ENTRUST_WAY OP_STATION                                                       ENTRUST_DATE    BATCH_NO  ENTRUST_NO SQUARE_FLAG BANK_NO   BRANCH_NO FUND_ACCOUNT STOCK_ACCOUNT   FARE_KIND_STR                                                                       STOCK_INTEREST DISCOUNT_RATE DEFAULT_BRANCH SET_SEAT_NO FILE_KIND
----------- ----------- ------------- -------- ----------- ----------- --------------- ---------- ---------- ------------- ------------- --------------------- -------------- --------------------- --------------------- ----------- ------------- ------------ -------------------------------------------------------------------------------- ------------ ------------------ -------------- ---------------------------------------------------------------- ------------ ----------- ----------- ----------- ------- ----------- ------------ --------------- -------------------------------------------------------------------------------- ----------------- ------------- -------------- ----------- ---------
   20100807         100 1             W06                0           2 A457151343      600000     2          7                         0               1400.00          0.000                  0.00                  0.00           0        160000 0                                                                                                     8888 10351              4              0019B9357E13                                                         20100807           0           0                            1843        32555 A457151343      0|0                                                                                     0.00000000    0.00000000              0 W06         6
   20100807         100 1             W06                0           1 A457151343      600000     1          9                         0               1400.00          0.000                  0.00                  0.00           0        160000 0                                                                                                     8888 10351              4              0019B9357E13                                                         20100807           0           0                            1843        32555 A457151343      0|0                                                                                     0.00000000    0.00000000              0 W06         6

T+1日 上海清算入账（申购）
SQL> select * from hs_secu.stock where fund_account = 32555;
 
  BRANCH_NO EXCHANGE_TYPE STOCK_ACCOUNT   STOCK_CODE FUND_ACCOUNT CLIENT_ID          MONEY_TYPE STOCK_TYPE          BEGIN_AMOUNT        CURRENT_AMOUNT     UNCOME_BUY_AMOUNT    UNCOME_SELL_AMOUNT         FROZEN_AMOUNT       UNFROZEN_AMOUNT        CORRECT_AMOUNT        SUM_BUY_AMOUNT       SUM_BUY_BALANCE       SUM_SELL_AMOUNT      SUM_SELL_BALANCE           COST_PRICE POSITION_STR
----------- ------------- --------------- ---------- ------------ ------------------ ---------- ---------- --------------------- --------------------- --------------------- --------------------- --------------------- --------------------- --------------------- --------------------- --------------------- --------------------- --------------------- -------------------- --------------------------------
       1843 1             A457151343      600009            32555 184300023426       0          0                       10000.00              10000.00                  0.00                  0.00                  0.00                  0.00                  0.00              10000.00                  0.00                  0.00                  0.00                0.000 0184300010A457151343600009
       1843 1             A457151343      600000            32555 184300023426       0          0                       10000.00               8600.00                  0.00                  0.00                  0.00                  0.00                  0.00                  0.00                  0.00                  0.00                  0.00                0.000 0184300010A457151343600000
SQL> select * from hs_secu.stockjour where fund_account = 32555;
 
  INIT_DATE   SERIAL_NO STOCK_ACCOUNT   STOCK_CODE   BRANCH_NO EXCHANGE_TYPE   CURR_DATE   CURR_TIME BUSINESS_FLAG OPERATOR_NO        OP_STATION                                                       OP_ENTRUST_WAY FUND_ACCOUNT CLIENT_ID          STOCK_TYPE          OCCUR_AMOUNT           POST_AMOUNT JOIN_SERIALNO CHECK_STRING                     REMARK                                                                           REAL_STATUS POSITION_STR                     CLIENT_GROUP   ROOM_CODE FARE_KIND_STR                                                                    MONEY_TYPE
----------- ----------- --------------- ---------- ----------- ------------- ----------- ----------- ------------- ------------------ ---------------------------------------------------------------- -------------- ------------ ------------------ ---------- --------------------- --------------------- ------------- -------------------------------- -------------------------------------------------------------------------------- ----------- -------------------------------- ------------ ----------- -------------------------------------------------------------------------------- ----------
   20100807           2 A457151343      600000            1843 1                20100807      164253          4084 10351              0019B9357E13                                                     4                     32555 184300023426       0                       -1400.00              10000.00             0                                  长期解冻                                                                         1           2010080700010000000002                      0      184302 9999999999999999999999999999999918430010184300101843001018430010                 0
   20100807           3 A457151343      600000            1843 1                20100807      164253          4010 10351              0019B9357E13                                                     4                     32555 184300023426       0                       -1400.00               8600.00             0                                  托管转出                                                                         1           2010080700010000000003                      0      184302 9999999999999999999999999999999918430010184300101843001018430010                 0


T+1日 深圳清算转入（申购）
SQL> select * from hs_secusz.preclear where fund_account = 32555 order by business_flag;
 
  INIT_DATE   SERIAL_NO   CURR_TIME BUSINESS_FLAG FILE_KIND   FILE_TYPE EXCHANGE_TYPE REPORT_ACCOUNT  STOCK_ACCOUNT   STOCK_CODE FROZEN_CODE ENTRUST_BS SEAT_NO    REPORT_NO BUSINESS_NO BUSINESS_TYPE BUSINESS_PRICE      BUSINESS_BALANCE REPORT_TIME BUSINESS_TIME BUSINESS_TIMES OP_BRANCH_NO OPERATOR_NO        OP_STATION                                                       OP_ENTRUST_WAY ENTRUST_DATE ENTRUST_TIME  ENTRUST_NO        ENTRUST_AMOUNT SQUARE_FLAG BANK_NO   BRANCH_NO FUND_ACCOUNT FARE_KIND_STR                                                                                    FARE0                 FARE1                 FARE2                 FARE3                 FAREX        STANDARD_FARE0         EXCHANGE_FARE       BUSINESS_AMOUNT          OCCUR_AMOUNT         FROZEN_AMOUNT       UNFROZEN_AMOUNT     UNCOME_BUY_AMOUNT    UNCOME_SELL_AMOUNT        CORRECT_AMOUNT           POST_AMOUNT         CLEAR_BALANCE        FROZEN_BALANCE      UNFROZEN_BALANCE    UNCOME_BUY_BALANCE   UNCOME_SELL_BALANCE       CORRECT_BALANCE          POST_BALANCE    STOCK_INTEREST       STOCK_INTERESTX                PROFIT   DATE_BACK FUND_BACK_N STOCK_BACK_N CLIENT_ID          MONEY_TYPE STOCK_TYPE STOCK_NAME                       REPORT_UNIT FARE_STKCODE FARE_STKTYPE REAL_STATUS DEFAULT_BRANCH DEFAULT_ACCOUNT SET_SEAT_NO FARE_REMARK                                                                      REMARK                                                                                  EXCHANGE_FARE0        EXCHANGE_FARE1        EXCHANGE_FARE2        EXCHANGE_FARE3        EXCHANGE_FARE4        EXCHANGE_FARE5        EXCHANGE_FARE6        EXCHANGE_FAREX                REBATE             BROKERAGE
----------- ----------- ----------- ------------- --------- ----------- ------------- --------------- --------------- ---------- ----------- ---------- -------- ----------- ----------- ------------- -------------- --------------------- ----------- ------------- -------------- ------------ ------------------ ---------------------------------------------------------------- -------------- ------------ ------------ ----------- --------------------- ----------- ------- ----------- ------------ -------------------------------------------------------------------------------- --------------------- --------------------- --------------------- --------------------- --------------------- --------------------- --------------------- --------------------- --------------------- --------------------- --------------------- --------------------- --------------------- --------------------- --------------------- --------------------- --------------------- --------------------- --------------------- --------------------- --------------------- --------------------- ----------------- --------------------- --------------------- ----------- ----------- ------------ ------------------ ---------- ---------- -------------------------------- ----------- ------------ ------------ ----------- -------------- --------------- ----------- -------------------------------------------------------------------------------- -------------------------------------------------------------------------------- --------------------- --------------------- --------------------- --------------------- --------------------- --------------------- --------------------- --------------------- --------------------- ---------------------
   20100807          35      171333          4063 8                  31 2             0102421338      0102421338      159998     159998      1          253800             4          44 N                      0.000            4200000.00           0        171333              1         1843 10999              005056C00008                                                     4                  20100806       160000           4                100.00                            1843        32555 9999999999999999999999999999999918430010184300101843001018430010                               1260.00                  0.00                  0.00                  0.00                  0.00                  0.00                  0.00            1000000.00            1000000.00                  0.00                  0.00                  0.00                  0.00                  0.00                  0.00              -1260.00                  0.00                  0.00                  0.00                  0.00             -16675.31                  0.00        0.00000000                  0.00                  0.00           0           0            0 184300023426       0          T          沪深50ET                                   1                           1                     1843           33009 253800      fare=-1.00(|0| | |0.00| |0.000000| |0)内部1260.00                                跨市ETF申购基金过户                                                                               0.00                  0.00                  0.00                  0.00                  0.00                  0.00                  0.00                  0.00                  0.00                  0.00
   20100807          31      171333          4065 8                  31 2             0102421338      0102421338      000002     000002      2          253800             4          44 N                      0.000                  0.00           0        171333              1         1843 10999              005056C00008                                                     4                  20100806       160000           4                100.00                            1843        32555 9999999999999999999999999999999918430010184300101843001018430010                                  0.00                  0.00                  2.53                  0.00                  0.00                  0.00                  0.00              25300.00             -25300.00                  0.00                  0.00                  0.00                  0.00                  0.00                  0.00                 -2.53                  0.00                  0.00                  0.00                  0.00                  0.00                  0.00        0.00000000                  0.00                  0.00           0           0            0 184300023426       0          0          万  科Ａ                                   1                           1                     1843           33009 253800      fare=-1.00(|0| | |0.00| |0.000000| |0)内部0.00                                   跨市ETF申购股份过户                                                                               0.00                  0.00                  0.00                  0.00                  0.00                  0.00                  0.00                  0.00                  0.00                  0.00
   20100807          39      171333          4065 8                  31 2             0102421338      0102421338      000009     000009      2          253800             4          44 N                      0.000                  0.00           0        171333              1         1843 10999              005056C00008                                                     4                  20100806       160000           4                100.00                            1843        32555 9999999999999999999999999999999918430010184300101843001018430010                                  0.00                  0.00                  0.28                  0.00                  0.00                  0.00                  0.00               2800.00              -2800.00                  0.00                  0.00                  0.00                  0.00                  0.00                  0.00                 -0.28                  0.00                  0.00                  0.00                  0.00                  0.00                  0.00        0.00000000                  0.00                  0.00           0           0            0 184300023426       0          0          S深宝安A                                   1                           1                     1843           33009 253800      fare=-1.00(|0| | |0.00| |0.000000| |0)内部0.00                                   跨市ETF申购股份过户                                                                               0.00                  0.00                  0.00                  0.00                  0.00                  0.00                  0.00                  0.00                  0.00                  0.00
   20100807          37      171333          4065 8                  31 2             0102421338      0102421338      000001     000001      2          253800             4          55 N                      0.000              12000.23           0        171333              1         1843 10999              005056C00008                                                     4                  20100806       160000           4                200.00                            1843        32555 9999999999999999999999999999999918430010184300101843001018430010                                  0.00                  0.00                  0.00                  0.00                  0.00                  0.00                  0.00                  0.00                  0.00                  0.00                  0.00                  0.00                  0.00                  0.00                  0.00                  0.00                  0.00                  0.00                  0.00                  0.00                  0.00                  0.00        0.00000000                  0.00                  0.00           0           0            0 184300023426       0          0          S深发展A                                   1                           1                     1843           33009 253800      fare=-1.00(|0| | |0.00| |0.000000| |0)内部3.60                                   跨市ETF申购股份过户                                                                               0.00                  0.00                  0.00                  0.00                  0.00                  0.00                  0.00                  0.00                  0.00                  0.00
   20100807          33      171333          4065 8                  31 2             0102421338      0102421338      000006     000006      2          253800             4          55 N                      0.000                  0.00           0        171333              1         1843 10999              005056C00008                                                     4                  20100806       160000           4                200.00                            1843        32555 9999999999999999999999999999999918430010184300101843001018430010                                  0.00                  0.00                  0.12                  0.00                  0.00                  0.00                  0.00               1200.00              -1200.00                  0.00                  0.00                  0.00                  0.00                  0.00                  0.00                 -0.12                  0.00                  0.00                  0.00                  0.00                  0.00                  0.00        0.00000000                  0.00                  0.00           0           0            0 184300023426       0          0          深振业Ａ                                   1                           1                     1843           33009 253800      fare=-1.00(|0| | |0.00| |0.000000| |0)内部0.00                                   跨市ETF申购股份过户                                                                               0.00                  0.00                  0.00                  0.00                  0.00                  0.00                  0.00                  0.00                  0.00                  0.00
   20100807          34      171333          4082 8                  31 2             0102421338      0102421338      159998     159998      2          253800             4          44 N                      0.000                  0.00           0        171333              1         1843 10999              005056C00008                                                     4                  20100806       160000           4                  0.00                            1843        32555 9999999999999999999999999999999918430010184300101843001018430010                                  0.00                  0.00                  0.00                  0.00                  0.00                  0.00                  0.00                  0.00                  0.00                  0.00                  0.00                  0.00                  0.00                  0.00                  0.00                  0.00              -1000.00                  0.00                  0.00                  0.00                  0.00                  0.00        0.00000000                  0.00                  0.00           0           0            0 184300023426       0          T          沪深50ET                                   1                           1                     1843           33009 253800                                                                                       跨市ETF申购费用冻结取消                                                                           0.00                  0.00                  0.00                  0.00                  0.00                  0.00                  0.00                  0.00                  0.00                  0.00
   20100807          36      171333          4084 8                  31 2             0102421338      0102421338      000001     000001      1          253800             4          55 N                      0.000              12000.23           0        171333              1         1843 10999              005056C00008                                                     4                  20100806       160000           4                200.00                            1843        32555 9999999999999999999999999999999918430010184300101843001018430010                                  0.00                  0.00                  0.00                  0.00                  0.00                  0.00                  0.00                  0.00                  0.00                  0.00                  0.00                  0.00                  0.00                  0.00                  0.00                  0.00                  0.00                  0.00                  0.00                  0.00                  0.00                  0.00        0.00000000                  0.00                  0.00           0           0            0 184300023426       0          0          S深发展A                                   1                           1                     1843           33009 253800                                                                                       跨市ETF申购证券冻结取消                                                                           0.00                  0.00                  0.00                  0.00                  0.00                  0.00                  0.00                  0.00                  0.00                  0.00
   20100807          38      171333          4084 8                  31 2             0102421338      0102421338      000009     000009      1          253800             4          44 N                      0.000                  0.00           0        171333              1         1843 10999              005056C00008                                                     4                  20100806       160000           4                100.00                            1843        32555 9999999999999999999999999999999918430010184300101843001018430010                                  0.00                  0.00                  0.00                  0.00                  0.00                  0.00                  0.00               2800.00                  0.00              -2800.00                  0.00                  0.00                  0.00                  0.00                  0.00                  0.00                  0.00                  0.00                  0.00                  0.00                  0.00                  0.00        0.00000000                  0.00                  0.00           0           0            0 184300023426       0          0          S深宝安A                                   1                           1                     1843           33009 253800                                                                                       跨市ETF申购证券冻结取消                                                                           0.00                  0.00                  0.00                  0.00                  0.00                  0.00                  0.00                  0.00                  0.00                  0.00
   20100807          30      171333          4084 8                  31 2             0102421338      0102421338      000002     000002      1          253800             4          44 N                      0.000                  0.00           0        171333              1         1843 10999              005056C00008                                                     4                  20100806       160000           4                100.00                            1843        32555 9999999999999999999999999999999918430010184300101843001018430010                                  0.00                  0.00                  0.00                  0.00                  0.00                  0.00                  0.00              25300.00                  0.00             -25300.00                  0.00                  0.00                  0.00                  0.00                  0.00                  0.00                  0.00                  0.00                  0.00                  0.00                  0.00                  0.00        0.00000000                  0.00                  0.00           0           0            0 184300023426       0          0          万  科Ａ                                   1                           1                     1843           33009 253800                                                                                       跨市ETF申购证券冻结取消                                                                           0.00                  0.00                  0.00                  0.00                  0.00                  0.00                  0.00                  0.00                  0.00                  0.00
   20100807          32      171333          4084 8                  31 2             0102421338      0102421338      000006     000006      1          253800             4          55 N                      0.000                  0.00           0        171333              1         1843 10999              005056C00008                                                     4                  20100806       160000           4                200.00                            1843        32555 9999999999999999999999999999999918430010184300101843001018430010                                  0.00                  0.00                  0.00                  0.00                  0.00                  0.00                  0.00               1200.00                  0.00              -1200.00                  0.00                  0.00                  0.00                  0.00                  0.00                  0.00                  0.00                  0.00                  0.00                  0.00                  0.00                  0.00        0.00000000                  0.00                  0.00           0           0            0 184300023426       0          0          深振业Ａ                                   1                           1                     1843           33009 253800                                                                                       跨市ETF申购证券冻结取消                                                                           0.00                  0.00                  0.00                  0.00                  0.00                  0.00                  0.00                  0.00                  0.00                  0.00
 
10 rows selected
SQL> select * from hs_secusz.business where fund_account = 32555;
 
  INIT_DATE   FILE_TYPE EXCHANGE_TYPE SEAT_NO    REPORT_NO BUSINESS_NO REPORT_ACCOUNT  STOCK_CODE ENTRUST_BS BUSINESS_TYPE BUSINESS_DATE       BUSINESS_AMOUNT BUSINESS_PRICE      BUSINESS_BALANCE           POST_AMOUNT REPORT_TIME BUSINESS_TIME MATCH_STATUS REMARK                                                                           OP_BRANCH_NO OPERATOR_NO        OP_ENTRUST_WAY OP_STATION                                                       ENTRUST_DATE    BATCH_NO  ENTRUST_NO SQUARE_FLAG BANK_NO   BRANCH_NO FUND_ACCOUNT STOCK_ACCOUNT   FARE_KIND_STR                                                                       STOCK_INTEREST DISCOUNT_RATE DEFAULT_BRANCH SET_SEAT_NO FILE_KIND
----------- ----------- ------------- -------- ----------- ----------- --------------- ---------- ---------- ------------- ------------- --------------------- -------------- --------------------- --------------------- ----------- ------------- ------------ -------------------------------------------------------------------------------- ------------ ------------------ -------------- ---------------------------------------------------------------- ------------ ----------- ----------- ----------- ------- ----------- ------------ --------------- -------------------------------------------------------------------------------- ----------------- ------------- -------------- ----------- ---------
SQL> select * from hs_secusz.afofbusiness where fund_account = 32555;
 
  INIT_DATE   SERIAL_NO   BRANCH_NO FUND_ACCOUNT CLIENT_ID          SQUARE_FLAG BANK_NO MONEY_TYPE EXCHANGE_TYPE STOCK_ACCOUNT   REPORT_ACCOUNT  STOCK_CODE ENTRUST_BS ENTRUST_DATE  ENTRUST_NO ENTRUST_WAY ENTRUST_TIME       ENTRUST_BALANCE        ENTRUST_AMOUNT BUSINESS_CODE BUSINESS_TYPE BUSINESS_NO BUSINESS_DATE      BUSINESS_BALANCE       BUSINESS_AMOUNT         NAV SEAT_NO  ALLOT_NO                 REPORT_TIME            TOTAL_FARE            AGENT_FARE            OTHER_FARE            AFTER_FARE RETURN_CODE RETURN_INFO                                                                      REMARK                                                                           MATCH_STATUS OP_STATION                                                       REAL_STATUS   DATE_BACK AGENCY_NO  MAIN_STOCKCODE DETAIL_FLAG ORIGINAL_APPNO           TA_FLAG SET_SEAT_NO   FILE_TYPE POSITION_STR
----------- ----------- ----------- ------------ ------------------ ----------- ------- ---------- ------------- --------------- --------------- ---------- ---------- ------------ ----------- ----------- ------------ --------------------- --------------------- ------------- ------------- ----------- ------------- --------------------- --------------------- ----------- -------- ------------------------ ----------- --------------------- --------------------- --------------------- --------------------- ----------- -------------------------------------------------------------------------------- -------------------------------------------------------------------------------- ------------ ---------------------------------------------------------------- ----------- ----------- ---------- -------------- ----------- ------------------------ ------- ----------- ----------- --------------------------------
   20100807          19        1843        32555 184300023426                           0          2             0102421338      0102421338      000002     2              20100806           4 4                 160000                  4.00                100.00 082           N                      44      20100112                  0.00              25300.00      1.0000 253800   4                                  0                  3.00                 11.00                  2.00                  0.00 0000                                                                                                                                                                          0            005056C00008                                                     0                     0            160610         1           201001180184320000000002 1       253800               31 2010080700020000000019
   20100807          23        1843        32555 184300023426                           0          2             0102421338      0102421338      000009     2              20100806           4 4                 160000                  4.00                100.00 082           N                      44      20100112                  0.00               2800.00      1.0000 253800   4                                  0                  3.00                 11.00                  2.00                  0.00 0000                                                                                                                                                                          0            005056C00008                                                     0                     0            160610         1           201001180184320000000002 1       253800               31 2010080700020000000023
   20100807          21        1843        32555 184300023426                           0          2             0102421338      0102421338      000006     2              20100806           4 4                 160000                  5.00                200.00 082           N                      55      20100112                  0.00               1200.00      1.0000 253800   4                                  0                  4.00                 11.00                  2.00                  0.05 0000                                                                                                                                                                          0            005056C00008                                                     0                     0            160610         1           201001180184320000000002 1       253800               31 2010080700020000000021
   20100807          24        1843        32555 184300023426                           0          2             0102421338      0102421338      600000     2              20100806           4 4                 160000                  5.00                200.00 082           N                      55      20100112                  9.00               1400.00      1.0000 253800   4                                  0                  4.00                 11.00                  2.00                  0.05 0000                                                                                                                                                                          0            005056C00008                                                     0                     0            160610         1           201001180184320000000002 1       253800               31 2010080700020000000024
   20100807          20        1843        32555 184300023426                           0          2             0102421338      0102421338      159998     1              20100806           4 4                 160000                  4.00                100.00 082           N                      44      20100112            4200000.00            1000000.00      1.0000 253800   4                                  0                  3.00                 11.00                  2.00                  0.00 0000                                                                                                                                                                          0            005056C00008                                                     0                     0            160610         0           201001180184320000000002 1       253800               31 2010080700020000000020
   20100807          22        1843        32555 184300023426                           0          2             0102421338      0102421338      000001     2              20100806           4 4                 160000                  5.00                200.00 082           N                      55      20100112              12000.23                  0.00      1.0000 253800   4                                  0                  4.00                 11.00                  2.00                  0.05 0000                                                                                                                                                                          0            005056C00008                                                     0                     0            160610         1           201001180184320000000002 1       253800               31 2010080700020000000022
 
6 rows selected

T+1日 深圳清算入账（申购）

SQL> select * from hs_secusz.stock where fund_account = 32555;
 
  BRANCH_NO EXCHANGE_TYPE STOCK_ACCOUNT   STOCK_CODE FUND_ACCOUNT CLIENT_ID          MONEY_TYPE STOCK_TYPE          BEGIN_AMOUNT        CURRENT_AMOUNT     UNCOME_BUY_AMOUNT    UNCOME_SELL_AMOUNT         FROZEN_AMOUNT       UNFROZEN_AMOUNT        CORRECT_AMOUNT        SUM_BUY_AMOUNT       SUM_BUY_BALANCE       SUM_SELL_AMOUNT      SUM_SELL_BALANCE           COST_PRICE POSITION_STR
----------- ------------- --------------- ---------- ------------ ------------------ ---------- ---------- --------------------- --------------------- --------------------- --------------------- --------------------- --------------------- --------------------- --------------------- --------------------- --------------------- --------------------- -------------------- --------------------------------
       1843 2             0102421338      000002            32555 184300023426       0          0                     2000000.00            1974700.00                  0.00                  0.00                  0.00                  0.00                  0.00            2000000.00            2000000.00                  0.00                  0.00                1.000 01843000200102421338000002
       1843 2             0102421338      000009            32555 184300023426       0          0                     1000000.00             997200.00                  0.00                  0.00                  0.00                  0.00                  0.00            1000000.00            1000000.00                  0.00                  0.00                1.000 01843000200102421338000009
       1843 2             0102421338      159998            32555 184300023426       0          T                           0.00            1000000.00                  0.00                  0.00                  0.00                  0.00                  0.00                  0.00                  0.00                  0.00                  0.00                0.000 01843000200102421338159998
       1843 2             0102421338      000001            32555 184300023426       0          0                           0.00                  0.00                  0.00                  0.00                  0.00                  0.00                  0.00                  0.00                  0.00                  0.00                  0.00                0.000 01843000200102421338000001
       1843 2             0102421338      000006            32555 184300023426       0          0                     1000000.00             998800.00                  0.00                  0.00                  0.00                  0.00                  0.00            1000000.00            1000000.00                  0.00                  0.00                1.000 01843000200102421338000006
SQL> select * from hs_secusz.stockjour where fund_account = 32555;
 
  INIT_DATE   SERIAL_NO STOCK_ACCOUNT   STOCK_CODE   BRANCH_NO EXCHANGE_TYPE   CURR_DATE   CURR_TIME BUSINESS_FLAG OPERATOR_NO        OP_STATION                                                       OP_ENTRUST_WAY FUND_ACCOUNT CLIENT_ID          STOCK_TYPE          OCCUR_AMOUNT           POST_AMOUNT JOIN_SERIALNO CHECK_STRING                     REMARK                                                                           REAL_STATUS POSITION_STR                     CLIENT_GROUP   ROOM_CODE FARE_KIND_STR                                                                    MONEY_TYPE
----------- ----------- --------------- ---------- ----------- ------------- ----------- ----------- ------------- ------------------ ---------------------------------------------------------------- -------------- ------------ ------------------ ---------- --------------------- --------------------- ------------- -------------------------------- -------------------------------------------------------------------------------- ----------- -------------------------------- ------------ ----------- -------------------------------------------------------------------------------- ----------
   20100807           2 0102421338      000002            1843 2                20100807      173141          4065 10351              0019B9357E13                                                     4                     32555 184300023426       0                      -25300.00            1974700.00             0                                  跨市ETF申购股份过户                                                              1           2010080700020000000002                      0      184302 9999999999999999999999999999999918430010184300101843001018430010                 0
   20100807           3 0102421338      159998            1843 2                20100807      173141          4063 10351              0019B9357E13                                                     4                     32555 184300023426       T                     1000000.00            1000000.00             0                                  跨市ETF申购基金过户                                                              1           2010080700020000000003                      0      184302 9999999999999999999999999999999918430010184300101843001018430010                 0
   20100807           5 0102421338      000009            1843 2                20100807      173141          4084 10351              0019B9357E13                                                     4                     32555 184300023426       0                       -2800.00            1000000.00             0                                  跨市ETF申购证券冻结取消                                                          1           2010080700020000000005                      0      184302 9999999999999999999999999999999918430010184300101843001018430010                 0
   20100807           6 0102421338      000009            1843 2                20100807      173141          4065 10351              0019B9357E13                                                     4                     32555 184300023426       0                       -2800.00             997200.00             0                                  跨市ETF申购股份过户                                                              1           2010080700020000000006                      0      184302 9999999999999999999999999999999918430010184300101843001018430010                 0
   20100807           7 0102421338      000002            1843 2                20100807      173141          4084 10351              0019B9357E13                                                     4                     32555 184300023426       0                      -25300.00            1974700.00             0                                  跨市ETF申购证券冻结取消                                                          1           2010080700020000000007                      0      184302 9999999999999999999999999999999918430010184300101843001018430010                 0
   20100807           9 0102421338      000006            1843 2                20100807      173141          4065 10351              0019B9357E13                                                     4                     32555 184300023426       0                       -1200.00             998800.00             0                                  跨市ETF申购股份过户                                                              1           2010080700020000000009                      0      184302 9999999999999999999999999999999918430010184300101843001018430010                 0
   20100807          11 0102421338      000006            1843 2                20100807      173141          4084 10351              0019B9357E13                                                     4                     32555 184300023426       0                       -1200.00             998800.00             0                                  跨市ETF申购证券冻结取消                                                          1           2010080700020000000011                      0      184302 9999999999999999999999999999999918430010184300101843001018430010                 0
 
7 rows selected
SQL> select * from hs_fund.fund where fund_account = 32555;
 
CLIENT_ID          FUND_ACCOUNT MONEY_TYPE RATE_KIND   BRANCH_NO         BEGIN_BALANCE       CURRENT_BALANCE          CASH_BALANCE         CHECK_BALANCE        FROZEN_BALANCE      UNFROZEN_BALANCE    UNCOME_BUY_BALANCE   UNCOME_SELL_BALANCE UNCOME_CORRECT_BALANCE       CORRECT_BALANCE      FOREGIFT_BALANCE      MORTGAGE_BALANCE      INTEGRAL_BALANCE         FINE_INTEGRAL              INTEREST INTEGRAL_UPDATE CHECK_STRING                              BAIL_BALANCE POSITION_STR                     BANK_NO SQUARE_FLAG
------------------ ------------ ---------- --------- ----------- --------------------- --------------------- --------------------- --------------------- --------------------- --------------------- --------------------- --------------------- ---------------------- --------------------- --------------------- --------------------- --------------------- --------------------- --------------------- --------------- -------------------------------- --------------------- -------------------------------- ------- -----------
184300023426              32555 0          0                1843          100001283.72          100000020.79           99999990.63                  0.00              16675.31                  0.00                  0.00                  0.00                   0.00             -16675.31                  0.00                  0.00        29701154733.88                  0.00                132.95        20100807                                                   0.00 0184300000325550                 0       0
SQL> select * from hs_fund.fundjour where fund_account = 32555;
 
  INIT_DATE   SERIAL_NO CLIENT_ID          FUND_ACCOUNT MONEY_TYPE EXCHANGE_TYPE   CURR_DATE   CURR_TIME BUSINESS_FLAG OP_BRANCH_NO OPERATOR_NO        OP_STATION                                                       OP_ENTRUST_WAY   BRANCH_NO BANK_NO         OCCUR_BALANCE          POST_BALANCE   JOIN_DATE JOIN_SERIALNO CHECK_STRING                     REMARK                                                                           REAL_STATUS POSITION_STR                     CLIENT_GROUP   ROOM_CODE
----------- ----------- ------------------ ------------ ---------- ------------- ----------- ----------- ------------- ------------ ------------------ ---------------------------------------------------------------- -------------- ----------- ------- --------------------- --------------------- ----------- ------------- -------------------------------- -------------------------------------------------------------------------------- ----------- -------------------------------- ------------ -----------
   20100807           3 184300023426              32555 0          2                20100807      173141          4065         1843 10999              005056C00008                                                     4                     1843 0                       -2.53          100001281.19           0             0                                  跨市ETF申购股份过户,万  科Ａ,000002-25300股                                      1           201008070000000003                          0      184302
   20100807           4 184300023426              32555 0          2                20100807      173141          4063         1843 10999              005056C00008                                                     4                     1843 0                    -1260.00          100000021.19           0             0                                  跨市ETF申购基金过户,沪深50ET,1599981000000股                                     1           201008070000000004                          0      184302
   20100807           5 184300023426              32555 0          2                20100807      173141          4082         1843 10999              005056C00008                                                     4                     1843 0                    -1000.00          100000021.19           0             0                                  跨市ETF申购费用冻结取消,沪深50ET,159998                                          1           201008070000000005                          0      184302
   20100807           6 184300023426              32555 0          2                20100807      173141          4065         1843 10999              005056C00008                                                     4                     1843 0                       -0.28          100000020.91           0             0                                  跨市ETF申购股份过户,S深宝安A,000009-2800股                                       1           201008070000000006                          0      184302
   20100807           7 184300023426              32555 0          2                20100807      173141          4065         1843 10999              005056C00008                                                     4                     1843 0                       -0.12          100000020.79           0             0                                  跨市ETF申购股份过户,深振业Ａ,000006-1200股                                       1           201008070000000007                          0      184302


